../Core/Src/main.cpp:58:5:int get_glo()	4	static
../Core/Src/main.cpp:69:5:int main()	8	static
../Core/Src/main.cpp:114:6:void SystemClock_Config()	88	static
../Core/Src/main.cpp:165:13:void MX_GPIO_Init()	40	static
../Core/Src/main.cpp:197:6:void HAL_TIM_PeriodElapsedCallback(TIM_HandleTypeDef*)	16	static
../Core/Src/main.cpp:214:6:void Error_Handler()	4	static
../Core/Src/main.cpp:223:1:void __static_initialization_and_destruction_0(int, int)	16	static
../Core/Src/main.cpp:223:1:cpp)	8	static
